n=  1 brute=        1 conj=        1 oeis=        1 OK                            0.00s
n=  2 brute=        2 conj=        2 oeis=        2 OK                            0.00s
n=  3 brute=        4 conj=        4 oeis=        4 OK                            0.00s
n=  4 brute=        7 conj=        7 oeis=        7 OK                            0.00s
n=  5 brute=       12 conj=       12 oeis=       12 OK                            0.00s
n=  6 brute=       18 conj=       18 oeis=       18 OK                            0.00s
n=  7 brute=       28 conj=       28 oeis=       28 OK                            0.00s
n=  8 brute=       40 conj=       40 oeis=       40 OK                            0.00s
n=  9 brute=       57 conj=       57 oeis=       57 OK                            0.00s
n= 10 brute=       80 conj=       80 oeis=       80 OK                            0.00s
n= 11 brute=      110 conj=      110 oeis=      110 OK                            0.00s
n= 12 brute=      148 conj=      148 oeis=      148 OK                            0.00s
n= 13 brute=      200 conj=      200 oeis=      200 OK                            0.00s
n= 14 brute=      266 conj=      266 oeis=      266 OK                            0.01s
n= 15 brute=      348 conj=      348 oeis=      348 OK                            0.02s
n= 16 brute=      457 conj=      457 oeis=      457 OK                            0.04s
n= 17 brute=      592 conj=      592 oeis=      592 OK                            0.08s
n= 18 brute=      764 conj=      764 oeis=      764 OK                            0.16s  x2.10
n= 19 brute=      978 conj=      978 oeis=      978 OK                            0.33s  x2.08
n= 20 brute=     1248 conj=     1248 oeis=     1248 OK                            0.68s  x2.04
n= 21 brute=     1580 conj=     1580 oeis=     1580 OK                            1.39s  x2.05
n= 22 brute=     2000 conj=     2000 oeis=     2000 OK                            2.76s  x1.99
n= 23 brute=     2508 conj=     2508 oeis=     2508 OK                           10.90s
n= 24 brute=     3142 conj=     3142 oeis=     3142 OK                           21.25s  x1.95
n= 25 brute=     3913 conj=     3913 oeis=     3913 OK                           43.22s  x2.03
n= 26 brute=     4868 conj=     4868 oeis=     None NEW - methods agree          88.32s  x2.04
n= 27 brute=     6016 conj=     6016 oeis=     None NEW - methods agree         163.42s  x1.85
n= 28 brute=     7430 conj=     7430 oeis=     None NEW - methods agree         263.64s  x1.61
n= 29 brute=     9128 conj=     9128 oeis=     None NEW - methods agree         402.73s  x1.53
